#-----------------------------------------------------------
# Vivado v2020.2 (64-bit)
# SW Build 3064766 on Wed Nov 18 09:12:45 MST 2020
# IP Build 3064653 on Wed Nov 18 14:17:31 MST 2020
# Start of session at: Fri Apr 30 09:06:57 2021
# Process ID: 12892
# Current directory: C:/Users/Kalud/Desktop/Studium/Studium_ab_2020_Code/VHDL/Labor/vivado/intro1
# Command line: vivado.exe -gui_launcher_event rodinguilauncherevent20260 C:\Users\Kalud\Desktop\Studium\Studium_ab_2020_Code\VHDL\Labor\vivado\intro1\intro1.xpr
# Log file: C:/Users/Kalud/Desktop/Studium/Studium_ab_2020_Code/VHDL/Labor/vivado/intro1/vivado.log
# Journal file: C:/Users/Kalud/Desktop/Studium/Studium_ab_2020_Code/VHDL/Labor/vivado/intro1\vivado.jou
#-----------------------------------------------------------
start_gui
open_project C:/Users/Kalud/Desktop/Studium/Studium_ab_2020_Code/VHDL/Labor/vivado/intro1/intro1.xpr
update_compile_order -fileset sources_1
close_project
open_project C:/Users/Kalud/Desktop/Studium/Studium_ab_2020_Code/VHDL/Labor/vivado/counter_1_to_6/counter_1_to_6.xpr
update_compile_order -fileset sources_1
close_project
open_project C:/Users/Kalud/Desktop/Studium/Studium_ab_2020_Code/VHDL/Labor/vivado/dec7seg/dec7seg.xpr
update_compile_order -fileset sources_1
close_project
open_project C:/Users/Kalud/Desktop/Studium/Studium_ab_2020_Code/VHDL/Labor/vivado/counter_1_to_6/counter_1_to_6.xpr
update_compile_order -fileset sources_1
