#-----------------------------------------------------------
# Webtalk v2020.2 (64-bit)
# SW Build 3064766 on Wed Nov 18 09:12:45 MST 2020
# IP Build 3064653 on Wed Nov 18 14:17:31 MST 2020
# Start of session at: Sun Apr 18 17:06:10 2021
# Process ID: 14792
# Current directory: C:/Users/Kalud/Desktop/Studium/Studium_ab_2020/SS2021/Faecher/VHDL/Labor/__Versuch_1/vivado/intro1/intro1.sim/sim_1/behav/xsim
# Command line: wbtcv.exe -mode batch -source C:/Users/Kalud/Desktop/Studium/Studium_ab_2020/SS2021/Faecher/VHDL/Labor/__Versuch_1/vivado/intro1/intro1.sim/sim_1/behav/xsim/xsim.dir/tb_behav/webtalk/xsim_webtalk.tcl -notrace
# Log file: C:/Users/Kalud/Desktop/Studium/Studium_ab_2020/SS2021/Faecher/VHDL/Labor/__Versuch_1/vivado/intro1/intro1.sim/sim_1/behav/xsim/webtalk.log
# Journal file: C:/Users/Kalud/Desktop/Studium/Studium_ab_2020/SS2021/Faecher/VHDL/Labor/__Versuch_1/vivado/intro1/intro1.sim/sim_1/behav/xsim\webtalk.jou
#-----------------------------------------------------------
source C:/Users/Kalud/Desktop/Studium/Studium_ab_2020/SS2021/Faecher/VHDL/Labor/__Versuch_1/vivado/intro1/intro1.sim/sim_1/behav/xsim/xsim.dir/tb_behav/webtalk/xsim_webtalk.tcl -notrace
